14:35:52 **** Incremental Build of configuration Debug for project Laser_Alarm_Sistemi ****
make -j12 all 
arm-none-eabi-gcc "../Core/Src/main.c" -mcpu=cortex-m4 -std=gnu11 -g3 -DDEBUG -DUSE_HAL_DRIVER -DSTM32F439xx -c -I../Core/Inc -I../Drivers/STM32F4xx_HAL_Driver/Inc -I../Drivers/STM32F4xx_HAL_Driver/Inc/Legacy -I../Drivers/CMSIS/Device/ST/STM32F4xx/Include -I../Drivers/CMSIS/Include -O0 -ffunction-sections -fdata-sections -Wall -fstack-usage -fcyclomatic-complexity -MMD -MP -MF"Core/Src/main.d" -MT"Core/Src/main.o" --specs=nano.specs -mfpu=fpv4-sp-d16 -mfloat-abi=hard -mthumb -o "Core/Src/main.o"
arm-none-eabi-gcc -o "Laser_Alarm_Sistemi.elf" @"objects.list"   -mcpu=cortex-m4 -T"C:\Users\musta\Documents\Kurslar\STM\Project\Laser_Alarm_Sistemi\STM32F439ZITX_FLASH.ld" --specs=nosys.specs -Wl,-Map="Laser_Alarm_Sistemi.map" -Wl,--gc-sections -static --specs=nano.specs -mfpu=fpv4-sp-d16 -mfloat-abi=hard -mthumb -Wl,--start-group -lc -lm -Wl,--end-group
Finished building target: Laser_Alarm_Sistemi.elf
 
arm-none-eabi-size  Laser_Alarm_Sistemi.elf 
arm-none-eabi-objdump -h -S Laser_Alarm_Sistemi.elf  > "Laser_Alarm_Sistemi.list"
   text	   data	    bss	    dec	    hex	filename
  15632	     12	   3532	  19176	   4ae8	Laser_Alarm_Sistemi.elf
Finished building: default.size.stdout
 
Finished building: Laser_Alarm_Sistemi.list
 

14:35:52 Build Finished. 0 errors, 0 warnings. (took 915ms)

