20:45:51 **** Incremental Build of configuration Debug for project UART_Modul ****
make -j12 all 
arm-none-eabi-gcc "../Core/Src/main.c" -mcpu=cortex-m4 -std=gnu11 -g3 -DDEBUG -DUSE_HAL_DRIVER -DSTM32F439xx -c -I../Core/Inc -I../Drivers/STM32F4xx_HAL_Driver/Inc -I../Drivers/STM32F4xx_HAL_Driver/Inc/Legacy -I../Drivers/CMSIS/Device/ST/STM32F4xx/Include -I../Drivers/CMSIS/Include -O0 -ffunction-sections -fdata-sections -Wall -fstack-usage -fcyclomatic-complexity -MMD -MP -MF"Core/Src/main.d" -MT"Core/Src/main.o" --specs=nano.specs -mfpu=fpv4-sp-d16 -mfloat-abi=hard -mthumb -o "Core/Src/main.o"
arm-none-eabi-gcc -o "UART_Modul.elf" @"objects.list"   -mcpu=cortex-m4 -T"C:\Users\musta\Documents\Kurslar\STM\Project\UART_Modul\STM32F439ZITX_FLASH.ld" --specs=nosys.specs -Wl,-Map="UART_Modul.map" -Wl,--gc-sections -static --specs=nano.specs -mfpu=fpv4-sp-d16 -mfloat-abi=hard -mthumb -u _printf_float -u _scanf_float -Wl,--start-group -lc -lm -Wl,--end-group
Finished building target: UART_Modul.elf
 
arm-none-eabi-size  UART_Modul.elf 
arm-none-eabi-objdump -h -S UART_Modul.elf  > "UART_Modul.list"
   text	   data	    bss	    dec	    hex	filename
  35664	    472	   3840	  39976	   9c28	UART_Modul.elf
Finished building: default.size.stdout
 
Finished building: UART_Modul.list
 

20:45:51 Build Finished. 0 errors, 0 warnings. (took 871ms)

